[2026-07-11 10:46:04,620][datasets][INFO] - JAX version 0.6.2 available.
10:46:10 | INFO  | atomic_chec~| [atomic_save] installed crash-safe checkpoint plugin (write to sibling .tmp + fsync + atomic rename)
[2026-07-11 10:46:10,910][root][INFO] - Cached 'action' from '/home/xuyidong/.stable-wm/datasets/pusht_expert_train.h5'
[2026-07-11 10:46:10,985][root][INFO] - Cached 'proprio' from '/home/xuyidong/.stable-wm/datasets/pusht_expert_train.h5'
[2026-07-11 10:46:11,098][root][INFO] - Cached 'state' from '/home/xuyidong/.stable-wm/datasets/pusht_expert_train.h5'
10:46:14 | INFO  | utils.py    | Loading checkpoint from folder /home/xuyidong/.stable-wm/checkpoints/pusht/lewm...
10:46:17 | INFO  | utils.py    | Created ViT-tiny from scratch with config: {'hidden_size': 192, 'num_hidden_layers': 12, 'num_attention_heads': 3, 'intermediate_size': 768, 'image_size': 224, 'patch_size': 14}
/home/xuyidong/le-wm/.venv/lib/python3.10/site-packages/gymnasium/spaces/box.py:415: UserWarning: [33mWARN: Casting input x to numpy array.[0m
  gym.logger.warn("Casting input x to numpy array.")
/home/xuyidong/le-wm/.venv/lib/python3.10/site-packages/lance/__init__.py:322: UserWarning: lance is not fork-safe. If you are using multiprocessing, use spawn or forkserver instead.
  warnings.warn(
/home/xuyidong/.local/share/uv/python/cpython-3.10-linux-x86_64-gnu/lib/python3.10/subprocess.py:1796: RuntimeWarning: lancedb fork support is experimental: the internal async runtime has been reset in the forked child, but a small chance of deadlock remains if other state was mid-operation at fork time. The 'forkserver' or 'spawn' multiprocessing start method is likely a safer alternative.
  self.pid = _posixsubprocess.fork_exec(
/home/xuyidong/.local/share/uv/python/cpython-3.10-linux-x86_64-gnu/lib/python3.10/subprocess.py:1796: RuntimeWarning: lancedb fork support is experimental: the internal async runtime has been reset in the forked child, but a small chance of deadlock remains if other state was mid-operation at fork time. The 'forkserver' or 'spawn' multiprocessing start method is likely a safer alternative.
  self.pid = _posixsubprocess.fork_exec(
/home/xuyidong/.local/share/uv/python/cpython-3.10-linux-x86_64-gnu/lib/python3.10/subprocess.py:1796: RuntimeWarning: lancedb fork support is experimental: the internal async runtime has been reset in the forked child, but a small chance of deadlock remains if other state was mid-operation at fork time. The 'forkserver' or 'spawn' multiprocessing start method is likely a safer alternative.
  self.pid = _posixsubprocess.fork_exec(
/home/xuyidong/.local/share/uv/python/cpython-3.10-linux-x86_64-gnu/lib/python3.10/subprocess.py:1796: RuntimeWarning: lancedb fork support is experimental: the internal async runtime has been reset in the forked child, but a small chance of deadlock remains if other state was mid-operation at fork time. The 'forkserver' or 'spawn' multiprocessing start method is likely a safer alternative.
  self.pid = _posixsubprocess.fork_exec(
/home/xuyidong/.local/share/uv/python/cpython-3.10-linux-x86_64-gnu/lib/python3.10/subprocess.py:1796: RuntimeWarning: lancedb fork support is experimental: the internal async runtime has been reset in the forked child, but a small chance of deadlock remains if other state was mid-operation at fork time. The 'forkserver' or 'spawn' multiprocessing start method is likely a safer alternative.
  self.pid = _posixsubprocess.fork_exec(
/home/xuyidong/.local/share/uv/python/cpython-3.10-linux-x86_64-gnu/lib/python3.10/subprocess.py:1796: RuntimeWarning: lancedb fork support is experimental: the internal async runtime has been reset in the forked child, but a small chance of deadlock remains if other state was mid-operation at fork time. The 'forkserver' or 'spawn' multiprocessing start method is likely a safer alternative.
  self.pid = _posixsubprocess.fork_exec(
/home/xuyidong/.local/share/uv/python/cpython-3.10-linux-x86_64-gnu/lib/python3.10/subprocess.py:1796: RuntimeWarning: lancedb fork support is experimental: the internal async runtime has been reset in the forked child, but a small chance of deadlock remains if other state was mid-operation at fork time. The 'forkserver' or 'spawn' multiprocessing start method is likely a safer alternative.
  self.pid = _posixsubprocess.fork_exec(
/home/xuyidong/.local/share/uv/python/cpython-3.10-linux-x86_64-gnu/lib/python3.10/subprocess.py:1796: RuntimeWarning: lancedb fork support is experimental: the internal async runtime has been reset in the forked child, but a small chance of deadlock remains if other state was mid-operation at fork time. The 'forkserver' or 'spawn' multiprocessing start method is likely a safer alternative.
  self.pid = _posixsubprocess.fork_exec(
/home/xuyidong/.local/share/uv/python/cpython-3.10-linux-x86_64-gnu/lib/python3.10/subprocess.py:1796: RuntimeWarning: lancedb fork support is experimental: the internal async runtime has been reset in the forked child, but a small chance of deadlock remains if other state was mid-operation at fork time. The 'forkserver' or 'spawn' multiprocessing start method is likely a safer alternative.
  self.pid = _posixsubprocess.fork_exec(
/home/xuyidong/.local/share/uv/python/cpython-3.10-linux-x86_64-gnu/lib/python3.10/subprocess.py:1796: RuntimeWarning: lancedb fork support is experimental: the internal async runtime has been reset in the forked child, but a small chance of deadlock remains if other state was mid-operation at fork time. The 'forkserver' or 'spawn' multiprocessing start method is likely a safer alternative.
  self.pid = _posixsubprocess.fork_exec(
/home/xuyidong/.local/share/uv/python/cpython-3.10-linux-x86_64-gnu/lib/python3.10/subprocess.py:1796: RuntimeWarning: lancedb fork support is experimental: the internal async runtime has been reset in the forked child, but a small chance of deadlock remains if other state was mid-operation at fork time. The 'forkserver' or 'spawn' multiprocessing start method is likely a safer alternative.
  self.pid = _posixsubprocess.fork_exec(
/home/xuyidong/.local/share/uv/python/cpython-3.10-linux-x86_64-gnu/lib/python3.10/subprocess.py:1796: RuntimeWarning: lancedb fork support is experimental: the internal async runtime has been reset in the forked child, but a small chance of deadlock remains if other state was mid-operation at fork time. The 'forkserver' or 'spawn' multiprocessing start method is likely a safer alternative.
  self.pid = _posixsubprocess.fork_exec(
/home/xuyidong/.local/share/uv/python/cpython-3.10-linux-x86_64-gnu/lib/python3.10/subprocess.py:1796: RuntimeWarning: lancedb fork support is experimental: the internal async runtime has been reset in the forked child, but a small chance of deadlock remains if other state was mid-operation at fork time. The 'forkserver' or 'spawn' multiprocessing start method is likely a safer alternative.
  self.pid = _posixsubprocess.fork_exec(
/home/xuyidong/.local/share/uv/python/cpython-3.10-linux-x86_64-gnu/lib/python3.10/subprocess.py:1796: RuntimeWarning: lancedb fork support is experimental: the internal async runtime has been reset in the forked child, but a small chance of deadlock remains if other state was mid-operation at fork time. The 'forkserver' or 'spawn' multiprocessing start method is likely a safer alternative.
  self.pid = _posixsubprocess.fork_exec(
/home/xuyidong/.local/share/uv/python/cpython-3.10-linux-x86_64-gnu/lib/python3.10/subprocess.py:1796: RuntimeWarning: lancedb fork support is experimental: the internal async runtime has been reset in the forked child, but a small chance of deadlock remains if other state was mid-operation at fork time. The 'forkserver' or 'spawn' multiprocessing start method is likely a safer alternative.
  self.pid = _posixsubprocess.fork_exec(
/home/xuyidong/.local/share/uv/python/cpython-3.10-linux-x86_64-gnu/lib/python3.10/subprocess.py:1796: RuntimeWarning: lancedb fork support is experimental: the internal async runtime has been reset in the forked child, but a small chance of deadlock remains if other state was mid-operation at fork time. The 'forkserver' or 'spawn' multiprocessing start method is likely a safer alternative.
  self.pid = _posixsubprocess.fork_exec(
/home/xuyidong/.local/share/uv/python/cpython-3.10-linux-x86_64-gnu/lib/python3.10/subprocess.py:1796: RuntimeWarning: lancedb fork support is experimental: the internal async runtime has been reset in the forked child, but a small chance of deadlock remains if other state was mid-operation at fork time. The 'forkserver' or 'spawn' multiprocessing start method is likely a safer alternative.
  self.pid = _posixsubprocess.fork_exec(
/home/xuyidong/.local/share/uv/python/cpython-3.10-linux-x86_64-gnu/lib/python3.10/subprocess.py:1796: RuntimeWarning: lancedb fork support is experimental: the internal async runtime has been reset in the forked child, but a small chance of deadlock remains if other state was mid-operation at fork time. The 'forkserver' or 'spawn' multiprocessing start method is likely a safer alternative.
  self.pid = _posixsubprocess.fork_exec(
/home/xuyidong/.local/share/uv/python/cpython-3.10-linux-x86_64-gnu/lib/python3.10/subprocess.py:1796: RuntimeWarning: lancedb fork support is experimental: the internal async runtime has been reset in the forked child, but a small chance of deadlock remains if other state was mid-operation at fork time. The 'forkserver' or 'spawn' multiprocessing start method is likely a safer alternative.
  self.pid = _posixsubprocess.fork_exec(
/home/xuyidong/.local/share/uv/python/cpython-3.10-linux-x86_64-gnu/lib/python3.10/subprocess.py:1796: RuntimeWarning: lancedb fork support is experimental: the internal async runtime has been reset in the forked child, but a small chance of deadlock remains if other state was mid-operation at fork time. The 'forkserver' or 'spawn' multiprocessing start method is likely a safer alternative.
  self.pid = _posixsubprocess.fork_exec(
/home/xuyidong/.local/share/uv/python/cpython-3.10-linux-x86_64-gnu/lib/python3.10/subprocess.py:1796: RuntimeWarning: lancedb fork support is experimental: the internal async runtime has been reset in the forked child, but a small chance of deadlock remains if other state was mid-operation at fork time. The 'forkserver' or 'spawn' multiprocessing start method is likely a safer alternative.
  self.pid = _posixsubprocess.fork_exec(
/home/xuyidong/.local/share/uv/python/cpython-3.10-linux-x86_64-gnu/lib/python3.10/subprocess.py:1796: RuntimeWarning: lancedb fork support is experimental: the internal async runtime has been reset in the forked child, but a small chance of deadlock remains if other state was mid-operation at fork time. The 'forkserver' or 'spawn' multiprocessing start method is likely a safer alternative.
  self.pid = _posixsubprocess.fork_exec(
/home/xuyidong/.local/share/uv/python/cpython-3.10-linux-x86_64-gnu/lib/python3.10/subprocess.py:1796: RuntimeWarning: lancedb fork support is experimental: the internal async runtime has been reset in the forked child, but a small chance of deadlock remains if other state was mid-operation at fork time. The 'forkserver' or 'spawn' multiprocessing start method is likely a safer alternative.
  self.pid = _posixsubprocess.fork_exec(
/home/xuyidong/.local/share/uv/python/cpython-3.10-linux-x86_64-gnu/lib/python3.10/subprocess.py:1796: RuntimeWarning: lancedb fork support is experimental: the internal async runtime has been reset in the forked child, but a small chance of deadlock remains if other state was mid-operation at fork time. The 'forkserver' or 'spawn' multiprocessing start method is likely a safer alternative.
  self.pid = _posixsubprocess.fork_exec(
/home/xuyidong/.local/share/uv/python/cpython-3.10-linux-x86_64-gnu/lib/python3.10/subprocess.py:1796: RuntimeWarning: lancedb fork support is experimental: the internal async runtime has been reset in the forked child, but a small chance of deadlock remains if other state was mid-operation at fork time. The 'forkserver' or 'spawn' multiprocessing start method is likely a safer alternative.
  self.pid = _posixsubprocess.fork_exec(
/home/xuyidong/.local/share/uv/python/cpython-3.10-linux-x86_64-gnu/lib/python3.10/subprocess.py:1796: RuntimeWarning: lancedb fork support is experimental: the internal async runtime has been reset in the forked child, but a small chance of deadlock remains if other state was mid-operation at fork time. The 'forkserver' or 'spawn' multiprocessing start method is likely a safer alternative.
  self.pid = _posixsubprocess.fork_exec(
/home/xuyidong/.local/share/uv/python/cpython-3.10-linux-x86_64-gnu/lib/python3.10/subprocess.py:1796: RuntimeWarning: lancedb fork support is experimental: the internal async runtime has been reset in the forked child, but a small chance of deadlock remains if other state was mid-operation at fork time. The 'forkserver' or 'spawn' multiprocessing start method is likely a safer alternative.
  self.pid = _posixsubprocess.fork_exec(
/home/xuyidong/.local/share/uv/python/cpython-3.10-linux-x86_64-gnu/lib/python3.10/subprocess.py:1796: RuntimeWarning: lancedb fork support is experimental: the internal async runtime has been reset in the forked child, but a small chance of deadlock remains if other state was mid-operation at fork time. The 'forkserver' or 'spawn' multiprocessing start method is likely a safer alternative.
  self.pid = _posixsubprocess.fork_exec(
/home/xuyidong/.local/share/uv/python/cpython-3.10-linux-x86_64-gnu/lib/python3.10/subprocess.py:1796: RuntimeWarning: lancedb fork support is experimental: the internal async runtime has been reset in the forked child, but a small chance of deadlock remains if other state was mid-operation at fork time. The 'forkserver' or 'spawn' multiprocessing start method is likely a safer alternative.
  self.pid = _posixsubprocess.fork_exec(
/home/xuyidong/.local/share/uv/python/cpython-3.10-linux-x86_64-gnu/lib/python3.10/subprocess.py:1796: RuntimeWarning: lancedb fork support is experimental: the internal async runtime has been reset in the forked child, but a small chance of deadlock remains if other state was mid-operation at fork time. The 'forkserver' or 'spawn' multiprocessing start method is likely a safer alternative.
  self.pid = _posixsubprocess.fork_exec(
/home/xuyidong/.local/share/uv/python/cpython-3.10-linux-x86_64-gnu/lib/python3.10/subprocess.py:1796: RuntimeWarning: lancedb fork support is experimental: the internal async runtime has been reset in the forked child, but a small chance of deadlock remains if other state was mid-operation at fork time. The 'forkserver' or 'spawn' multiprocessing start method is likely a safer alternative.
  self.pid = _posixsubprocess.fork_exec(
/home/xuyidong/.local/share/uv/python/cpython-3.10-linux-x86_64-gnu/lib/python3.10/subprocess.py:1796: RuntimeWarning: lancedb fork support is experimental: the internal async runtime has been reset in the forked child, but a small chance of deadlock remains if other state was mid-operation at fork time. The 'forkserver' or 'spawn' multiprocessing start method is likely a safer alternative.
  self.pid = _posixsubprocess.fork_exec(
/home/xuyidong/.local/share/uv/python/cpython-3.10-linux-x86_64-gnu/lib/python3.10/subprocess.py:1796: RuntimeWarning: lancedb fork support is experimental: the internal async runtime has been reset in the forked child, but a small chance of deadlock remains if other state was mid-operation at fork time. The 'forkserver' or 'spawn' multiprocessing start method is likely a safer alternative.
  self.pid = _posixsubprocess.fork_exec(
/home/xuyidong/.local/share/uv/python/cpython-3.10-linux-x86_64-gnu/lib/python3.10/subprocess.py:1796: RuntimeWarning: lancedb fork support is experimental: the internal async runtime has been reset in the forked child, but a small chance of deadlock remains if other state was mid-operation at fork time. The 'forkserver' or 'spawn' multiprocessing start method is likely a safer alternative.
  self.pid = _posixsubprocess.fork_exec(
/home/xuyidong/.local/share/uv/python/cpython-3.10-linux-x86_64-gnu/lib/python3.10/subprocess.py:1796: RuntimeWarning: lancedb fork support is experimental: the internal async runtime has been reset in the forked child, but a small chance of deadlock remains if other state was mid-operation at fork time. The 'forkserver' or 'spawn' multiprocessing start method is likely a safer alternative.
  self.pid = _posixsubprocess.fork_exec(
/home/xuyidong/.local/share/uv/python/cpython-3.10-linux-x86_64-gnu/lib/python3.10/subprocess.py:1796: RuntimeWarning: lancedb fork support is experimental: the internal async runtime has been reset in the forked child, but a small chance of deadlock remains if other state was mid-operation at fork time. The 'forkserver' or 'spawn' multiprocessing start method is likely a safer alternative.
  self.pid = _posixsubprocess.fork_exec(
/home/xuyidong/.local/share/uv/python/cpython-3.10-linux-x86_64-gnu/lib/python3.10/subprocess.py:1796: RuntimeWarning: lancedb fork support is experimental: the internal async runtime has been reset in the forked child, but a small chance of deadlock remains if other state was mid-operation at fork time. The 'forkserver' or 'spawn' multiprocessing start method is likely a safer alternative.
  self.pid = _posixsubprocess.fork_exec(
/home/xuyidong/.local/share/uv/python/cpython-3.10-linux-x86_64-gnu/lib/python3.10/subprocess.py:1796: RuntimeWarning: lancedb fork support is experimental: the internal async runtime has been reset in the forked child, but a small chance of deadlock remains if other state was mid-operation at fork time. The 'forkserver' or 'spawn' multiprocessing start method is likely a safer alternative.
  self.pid = _posixsubprocess.fork_exec(
/home/xuyidong/.local/share/uv/python/cpython-3.10-linux-x86_64-gnu/lib/python3.10/subprocess.py:1796: RuntimeWarning: lancedb fork support is experimental: the internal async runtime has been reset in the forked child, but a small chance of deadlock remains if other state was mid-operation at fork time. The 'forkserver' or 'spawn' multiprocessing start method is likely a safer alternative.
  self.pid = _posixsubprocess.fork_exec(
/home/xuyidong/.local/share/uv/python/cpython-3.10-linux-x86_64-gnu/lib/python3.10/subprocess.py:1796: RuntimeWarning: lancedb fork support is experimental: the internal async runtime has been reset in the forked child, but a small chance of deadlock remains if other state was mid-operation at fork time. The 'forkserver' or 'spawn' multiprocessing start method is likely a safer alternative.
  self.pid = _posixsubprocess.fork_exec(
/home/xuyidong/.local/share/uv/python/cpython-3.10-linux-x86_64-gnu/lib/python3.10/subprocess.py:1796: RuntimeWarning: lancedb fork support is experimental: the internal async runtime has been reset in the forked child, but a small chance of deadlock remains if other state was mid-operation at fork time. The 'forkserver' or 'spawn' multiprocessing start method is likely a safer alternative.
  self.pid = _posixsubprocess.fork_exec(
/home/xuyidong/.local/share/uv/python/cpython-3.10-linux-x86_64-gnu/lib/python3.10/subprocess.py:1796: RuntimeWarning: lancedb fork support is experimental: the internal async runtime has been reset in the forked child, but a small chance of deadlock remains if other state was mid-operation at fork time. The 'forkserver' or 'spawn' multiprocessing start method is likely a safer alternative.
  self.pid = _posixsubprocess.fork_exec(
/home/xuyidong/.local/share/uv/python/cpython-3.10-linux-x86_64-gnu/lib/python3.10/subprocess.py:1796: RuntimeWarning: lancedb fork support is experimental: the internal async runtime has been reset in the forked child, but a small chance of deadlock remains if other state was mid-operation at fork time. The 'forkserver' or 'spawn' multiprocessing start method is likely a safer alternative.
  self.pid = _posixsubprocess.fork_exec(
/home/xuyidong/.local/share/uv/python/cpython-3.10-linux-x86_64-gnu/lib/python3.10/subprocess.py:1796: RuntimeWarning: lancedb fork support is experimental: the internal async runtime has been reset in the forked child, but a small chance of deadlock remains if other state was mid-operation at fork time. The 'forkserver' or 'spawn' multiprocessing start method is likely a safer alternative.
  self.pid = _posixsubprocess.fork_exec(
/home/xuyidong/.local/share/uv/python/cpython-3.10-linux-x86_64-gnu/lib/python3.10/subprocess.py:1796: RuntimeWarning: lancedb fork support is experimental: the internal async runtime has been reset in the forked child, but a small chance of deadlock remains if other state was mid-operation at fork time. The 'forkserver' or 'spawn' multiprocessing start method is likely a safer alternative.
  self.pid = _posixsubprocess.fork_exec(
/home/xuyidong/.local/share/uv/python/cpython-3.10-linux-x86_64-gnu/lib/python3.10/subprocess.py:1796: RuntimeWarning: lancedb fork support is experimental: the internal async runtime has been reset in the forked child, but a small chance of deadlock remains if other state was mid-operation at fork time. The 'forkserver' or 'spawn' multiprocessing start method is likely a safer alternative.
  self.pid = _posixsubprocess.fork_exec(
/home/xuyidong/.local/share/uv/python/cpython-3.10-linux-x86_64-gnu/lib/python3.10/subprocess.py:1796: RuntimeWarning: lancedb fork support is experimental: the internal async runtime has been reset in the forked child, but a small chance of deadlock remains if other state was mid-operation at fork time. The 'forkserver' or 'spawn' multiprocessing start method is likely a safer alternative.
  self.pid = _posixsubprocess.fork_exec(
/home/xuyidong/.local/share/uv/python/cpython-3.10-linux-x86_64-gnu/lib/python3.10/subprocess.py:1796: RuntimeWarning: lancedb fork support is experimental: the internal async runtime has been reset in the forked child, but a small chance of deadlock remains if other state was mid-operation at fork time. The 'forkserver' or 'spawn' multiprocessing start method is likely a safer alternative.
  self.pid = _posixsubprocess.fork_exec(
/home/xuyidong/.local/share/uv/python/cpython-3.10-linux-x86_64-gnu/lib/python3.10/subprocess.py:1796: RuntimeWarning: lancedb fork support is experimental: the internal async runtime has been reset in the forked child, but a small chance of deadlock remains if other state was mid-operation at fork time. The 'forkserver' or 'spawn' multiprocessing start method is likely a safer alternative.
  self.pid = _posixsubprocess.fork_exec(
/home/xuyidong/.local/share/uv/python/cpython-3.10-linux-x86_64-gnu/lib/python3.10/subprocess.py:1796: RuntimeWarning: lancedb fork support is experimental: the internal async runtime has been reset in the forked child, but a small chance of deadlock remains if other state was mid-operation at fork time. The 'forkserver' or 'spawn' multiprocessing start method is likely a safer alternative.
  self.pid = _posixsubprocess.fork_exec(
1869611 valid starting points found for evaluation.
[ 150187  159883  201656  209210  216281  221571  305393  388512  429216
  472611  532318  645504  829098  867812  941648 1015425 1028336 1038327
 1043460 1054182 1054375 1175223 1206116 1237214 1279178 1299073 1475334
 1504936 1529287 1582218 1627801 1635424 1673952 1715192 1768147 1775706
 1805133 1816073 1823056 1832756 1920150 1933212 1962500 2005033 2005680
 2069969 2083086 2164264 2263297 2275346]
CEM solve time: 38.0348 seconds
CEM solve time: 6.9411 seconds
{'success_rate': 96.0, 'episode_successes': array([ True,  True,  True,  True,  True,  True,  True,  True,  True,
        True,  True,  True,  True,  True, False, False,  True,  True,
        True,  True,  True,  True,  True,  True,  True,  True,  True,
        True,  True,  True,  True,  True,  True,  True,  True,  True,
        True,  True,  True,  True,  True,  True,  True,  True,  True,
        True,  True,  True,  True,  True]), 'seeds': None}
